Clock: sys_clk
Sources: clk 
Generated: no
Virtual: yes
Propagated: no
Period: 10.000000

===========================================================================
report_clock_properties
============================================================================
Clock                   Period          Waveform
----------------------------------------------------
sys_clk              10.000000    0.000000  5.000000

===========================================================================
report_clock_latency
============================================================================
Clock sys_clk
rise -> rise
    min     max
0.000000 0.000000 source latency
1.501889         network latency _030_/CLK
        2.396310 network latency u_memory.g_read[0].g_bank[3].g_slice[0].u_sram/clk
---------------
1.501889 2.396310 latency
        0.894420 skew

fall -> fall
    min     max
0.000000 0.000000 source latency
1.534769         network latency _030_/CLK
        2.301339 network latency u_memory.g_read[0].g_bank[3].g_slice[0].u_sram/clk
---------------
1.534769 2.301339 latency
        0.766570 skew



===========================================================================
report_clock_min_period
============================================================================
sys_clk period_min = 10.32 fmax = 96.87
