Clock: sys_clk
Sources: clk 
Generated: no
Virtual: yes
Propagated: no
Period: 10.000000

===========================================================================
report_clock_properties
============================================================================
Clock                   Period          Waveform
----------------------------------------------------
sys_clk              10.000000    0.000000  5.000000

===========================================================================
report_clock_latency
============================================================================
Clock sys_clk
rise -> rise
    min     max
0.000000 0.000000 source latency
1.533993         network latency _002_/CLK
        2.224820 network latency u_memory.g_read[0].g_bank[3].g_slice[0].u_sram/clk
---------------
1.533993 2.224820 latency
        0.690827 skew

fall -> fall
    min     max
0.000000 0.000000 source latency
1.560018         network latency _002_/CLK
        2.039408 network latency u_memory.g_read[0].g_bank[3].g_slice[0].u_sram/clk
---------------
1.560018 2.039408 latency
        0.479390 skew



===========================================================================
report_clock_min_period
============================================================================
sys_clk period_min = 10.36 fmax = 96.49
