Clock: sys_clk
Sources: clk 
Generated: no
Virtual: yes
Propagated: no
Period: 10.000000

===========================================================================
report_clock_properties
============================================================================
Clock                   Period          Waveform
----------------------------------------------------
sys_clk              10.000000    0.000000  5.000000

===========================================================================
report_clock_latency
============================================================================
Clock sys_clk
rise -> rise
    min     max
0.000000 0.000000 source latency
1.503521         network latency _030_/CLK
        2.405183 network latency u_memory.g_read[0].g_bank[3].g_slice[0].u_sram/clk
---------------
1.503521 2.405183 latency
        0.901662 skew

fall -> fall
    min     max
0.000000 0.000000 source latency
1.536738         network latency _030_/CLK
        2.308352 network latency u_memory.g_read[0].g_bank[3].g_slice[0].u_sram/clk
---------------
1.536738 2.308352 latency
        0.771614 skew



===========================================================================
report_clock_min_period
============================================================================
sys_clk period_min = 10.43 fmax = 95.88
