Clock: sys_clk
Sources: clk 
Generated: no
Virtual: yes
Propagated: no
Period: 10.000000

===========================================================================
report_clock_properties
============================================================================
Clock                   Period          Waveform
----------------------------------------------------
sys_clk              10.000000    0.000000  5.000000

===========================================================================
report_clock_latency
============================================================================
Clock sys_clk
rise -> rise
    min     max
0.000000 0.000000 source latency
1.525312         network latency _002_/CLK
        2.209270 network latency u_memory.g_read[0].g_bank[3].g_slice[0].u_sram/clk
---------------
1.525312 2.209270 latency
        0.683958 skew

fall -> fall
    min     max
0.000000 0.000000 source latency
1.550502         network latency _002_/CLK
        2.022173 network latency u_memory.g_read[0].g_bank[3].g_slice[0].u_sram/clk
---------------
1.550502 2.022173 latency
        0.471671 skew



===========================================================================
report_clock_min_period
============================================================================
sys_clk period_min = 10.28 fmax = 97.26
