┏━━━━━━━━━━━━━━━━━━━━━━┳━━━━━━━━━━┳━━━━━━━━━━┳━━━━━━━━━━┳━━━━━━━━━━┳━━━━━━━━━━━┳━━━━━━━━━━┳━━━━━━━━━━━┳━━━━━━━━━━┳━━━━━━━━━━━┳━━━━━━━━━━┳━━━━━━━━━━━┳━━━━━━━━━━┓
┃                      ┃ Hold     ┃ Reg to   ┃          ┃          ┃ of which  ┃ Setup    ┃           ┃          ┃           ┃ of which ┃           ┃          ┃
┃                      ┃ Worst    ┃ Reg      ┃          ┃ Hold Vio ┃ reg to    ┃ Worst    ┃ Reg to    ┃ Setup    ┃ Setup Vio ┃ reg to   ┃ Max Cap   ┃ Max Slew ┃
┃ Corner/Group         ┃ Slack    ┃ Paths    ┃ Hold TNS ┃ Count    ┃ reg       ┃ Slack    ┃ Reg Paths ┃ TNS      ┃ Count     ┃ reg      ┃ Violatio… ┃ Violati… ┃
┡━━━━━━━━━━━━━━━━━━━━━━╇━━━━━━━━━━╇━━━━━━━━━━╇━━━━━━━━━━╇━━━━━━━━━━╇━━━━━━━━━━━╇━━━━━━━━━━╇━━━━━━━━━━━╇━━━━━━━━━━╇━━━━━━━━━━━╇━━━━━━━━━━╇━━━━━━━━━━━╇━━━━━━━━━━┩
│ Overall              │ 0.0527   │ 0.1682   │ 0.0000   │ 0        │ 0         │ -0.2821  │ -0.2821   │ -2.1376  │ 25        │ 25       │ 57        │ 3405     │
│ min_ff_n40C_1v95     │ 0.1171   │ 0.1682   │ 0.0000   │ 0        │ 0         │ 5.6407   │ 6.3403    │ 0.0000   │ 0         │ 0        │ 54        │ 67       │
│ nom_tt_025C_1v80     │ 0.0527   │ 0.3980   │ 0.0000   │ 0        │ 0         │ 4.3574   │ 4.3574    │ 0.0000   │ 0         │ 0        │ 56        │ 220      │
│ max_ss_100C_1v60     │ 0.0853   │ 1.1089   │ 0.0000   │ 0        │ 0         │ -0.2821  │ -0.2821   │ -2.1376  │ 25        │ 25       │ 57        │ 3405     │
└──────────────────────┴──────────┴──────────┴──────────┴──────────┴───────────┴──────────┴───────────┴──────────┴───────────┴──────────┴───────────┴──────────┘
