Note: can't find the initialization file spinit.
Using SPARSE 1.3 as Direct Linear Solver

Note: No compatibility mode selected!


Circuit: * isolated supplied output inverter, not complete sram

Doing analysis at TEMP = 25.000000 and TNOM = 27.000000


Initial Transient Solution
--------------------------

Node                                   Voltage
----                                   -------
vdd                                        1.8
in                                           0
out                                        1.8
vin#branch                                   0
vdd#branch                         -3.8342e-12

 Reference value :  0.00000e+00
No. of Data Rows : 12025

  Measurements for Transient Analysis

fall_s              =  2.400315e-11 targ=  1.032385e-09 trig=  1.008382e-09
rise_s              =  4.517150e-11 targ=  4.058610e-09 trig=  4.013439e-09


Total analysis time (seconds) = 0.056

Total elapsed time (seconds) = 2.545 

Total DRAM available = 61907.051 MB.
DRAM currently available = 1304.660 MB.
Maximum ngspice program size =  155.895 MB.
Current ngspice program size =  139.902 MB.

Shared ngspice pages =   11.066 MB.
Text (code) pages =    6.156 MB.
Stack = 0 bytes.
Library pages =  137.004 MB.

