Note: can't find the initialization file spinit.
Using SPARSE 1.3 as Direct Linear Solver

Note: No compatibility mode selected!


Circuit: * isolated supplied output inverter, not complete sram

Doing analysis at TEMP = -40.000000 and TNOM = 27.000000


Initial Transient Solution
--------------------------

Node                                   Voltage
----                                   -------
vdd                                       1.95
in                                           0
out                                       1.95
vin#branch                                   0
vdd#branch                        -3.96083e-12

 Reference value :  0.00000e+00
No. of Data Rows : 12025

  Measurements for Transient Analysis

fall_s              =  2.794126e-11 targ=  1.035367e-09 trig=  1.007426e-09
rise_s              =  5.872504e-11 targ=  4.071435e-09 trig=  4.012710e-09


Total analysis time (seconds) = 0.052

Total elapsed time (seconds) = 2.402 

Total DRAM available = 61907.051 MB.
DRAM currently available = 1383.789 MB.
Maximum ngspice program size =  155.895 MB.
Current ngspice program size =  139.906 MB.

Shared ngspice pages =   11.070 MB.
Text (code) pages =    6.156 MB.
Stack = 0 bytes.
Library pages =  137.004 MB.

