Note: can't find the initialization file spinit.
Using SPARSE 1.3 as Direct Linear Solver

Note: No compatibility mode selected!


Circuit: * isolated supplied output inverter, not complete sram

Doing analysis at TEMP = -40.000000 and TNOM = 27.000000


Initial Transient Solution
--------------------------

Node                                   Voltage
----                                   -------
vdd                                       1.95
in                                           0
out                                       1.95
vin#branch                                   0
vdd#branch                        -3.96083e-12

 Reference value :  0.00000e+00
No. of Data Rows : 12025

  Measurements for Transient Analysis

fall_s              =  1.603545e-11 targ=  1.022131e-09 trig=  1.006096e-09
rise_s              =  3.392968e-11 targ=  4.044479e-09 trig=  4.010550e-09


Total analysis time (seconds) = 0.064

Total elapsed time (seconds) = 2.509 

Total DRAM available = 61907.051 MB.
DRAM currently available = 1295.371 MB.
Maximum ngspice program size =  155.898 MB.
Current ngspice program size =  139.930 MB.

Shared ngspice pages =   11.090 MB.
Text (code) pages =    6.156 MB.
Stack = 0 bytes.
Library pages =  137.008 MB.

