Note: can't find the initialization file spinit.
Using SPARSE 1.3 as Direct Linear Solver

Note: No compatibility mode selected!


Circuit: * isolated supplied output inverter, not complete sram

Doing analysis at TEMP = 100.000000 and TNOM = 27.000000


Initial Transient Solution
--------------------------

Node                                   Voltage
----                                   -------
vdd                                        1.6
in                                           0
out                                        1.6
vin#branch                                   0
vdd#branch                        -3.83711e-12

 Reference value :  0.00000e+00
No. of Data Rows : 12025

  Measurements for Transient Analysis

fall_s              =  8.484481e-11 targ=  1.103160e-09 trig=  1.018315e-09
rise_s              =  1.217683e-10 targ=  4.145362e-09 trig=  4.023594e-09


Total analysis time (seconds) = 0.053

Total elapsed time (seconds) = 2.499 

Total DRAM available = 61907.051 MB.
DRAM currently available = 1136.508 MB.
Maximum ngspice program size =  155.883 MB.
Current ngspice program size =  139.934 MB.

Shared ngspice pages =   11.105 MB.
Text (code) pages =    6.156 MB.
Stack = 0 bytes.
Library pages =  136.992 MB.

