Note: can't find the initialization file spinit.
Using SPARSE 1.3 as Direct Linear Solver

Note: No compatibility mode selected!


Circuit: * isolated supplied output inverter, not complete sram

Doing analysis at TEMP = 25.000000 and TNOM = 27.000000


Initial Transient Solution
--------------------------

Node                                   Voltage
----                                   -------
vdd                                        1.8
in                                           0
out                                        1.8
vin#branch                                   0
vdd#branch                         -3.8342e-12

 Reference value :  0.00000e+00
No. of Data Rows : 12026

  Measurements for Transient Analysis

fall_s              =  1.083690e-10 targ=  1.352784e-09 trig=  1.244415e-09
rise_s              =  1.527893e-10 targ=  4.852334e-09 trig=  4.699545e-09


Total analysis time (seconds) = 0.062

Total elapsed time (seconds) = 2.510 

Total DRAM available = 61907.051 MB.
DRAM currently available = 1268.574 MB.
Maximum ngspice program size =  155.887 MB.
Current ngspice program size =  139.641 MB.

Shared ngspice pages =   10.812 MB.
Text (code) pages =    6.156 MB.
Stack = 0 bytes.
Library pages =  136.996 MB.

