Note: can't find the initialization file spinit.
Using SPARSE 1.3 as Direct Linear Solver

Note: No compatibility mode selected!


Circuit: * isolated supplied output inverter, not complete sram

Doing analysis at TEMP = 25.000000 and TNOM = 27.000000


Initial Transient Solution
--------------------------

Node                                   Voltage
----                                   -------
vdd                                        1.8
in                                           0
out                                        1.8
vin#branch                                   0
vdd#branch                         -3.8342e-12

 Reference value :  0.00000e+00
No. of Data Rows : 12026

  Measurements for Transient Analysis

fall_s              =  8.484182e-11 targ=  1.316855e-09 trig=  1.232013e-09
rise_s              =  1.188933e-10 targ=  4.804683e-09 trig=  4.685789e-09


Total analysis time (seconds) = 0.062

Total elapsed time (seconds) = 2.494 

Total DRAM available = 61907.051 MB.
DRAM currently available = 1244.105 MB.
Maximum ngspice program size =  155.891 MB.
Current ngspice program size =  139.469 MB.

Shared ngspice pages =   10.637 MB.
Text (code) pages =    6.156 MB.
Stack = 0 bytes.
Library pages =  137.000 MB.

