Note: can't find the initialization file spinit.
Using SPARSE 1.3 as Direct Linear Solver

Note: No compatibility mode selected!


Circuit: * isolated supplied output inverter, not complete sram

Doing analysis at TEMP = 100.000000 and TNOM = 27.000000


Initial Transient Solution
--------------------------

Node                                   Voltage
----                                   -------
vdd                                        1.6
in                                           0
out                                        1.6
vin#branch                                   0
vdd#branch                        -3.83711e-12

 Reference value :  0.00000e+00
No. of Data Rows : 12026

  Measurements for Transient Analysis

fall_s              =  1.365444e-10 targ=  1.443852e-09 trig=  1.307307e-09
rise_s              =  1.859479e-10 targ=  4.911470e-09 trig=  4.725522e-09


Total analysis time (seconds) = 0.072

Total elapsed time (seconds) = 2.502 

Total DRAM available = 61907.051 MB.
DRAM currently available = 1201.680 MB.
Maximum ngspice program size =  155.883 MB.
Current ngspice program size =  140.023 MB.

Shared ngspice pages =   11.195 MB.
Text (code) pages =    6.156 MB.
Stack = 0 bytes.
Library pages =  136.992 MB.

