Clock: sys_clk
Sources: clk 
Generated: no
Virtual: yes
Propagated: no
Period: 10.000000

===========================================================================
report_clock_properties
============================================================================
Clock                   Period          Waveform
----------------------------------------------------
sys_clk              10.000000    0.000000  5.000000

===========================================================================
report_clock_latency
============================================================================
Clock sys_clk
rise -> rise
    min     max
0.000000 0.000000 source latency
1.500336         network latency _030_/CLK
        2.395496 network latency u_memory.g_read[0].g_bank[3].g_slice[0].u_sram/clk
---------------
1.500336 2.395496 latency
        0.895160 skew

fall -> fall
    min     max
0.000000 0.000000 source latency
1.532228         network latency _030_/CLK
        2.300147 network latency u_memory.g_read[0].g_bank[3].g_slice[0].u_sram/clk
---------------
1.532228 2.300147 latency
        0.767919 skew



===========================================================================
report_clock_min_period
============================================================================
sys_clk period_min = 10.29 fmax = 97.21
