┏━━━━━━━━━━━━━━━━━━━━━━┳━━━━━━━━━━┳━━━━━━━━━━┳━━━━━━━━━━┳━━━━━━━━━━┳━━━━━━━━━━━┳━━━━━━━━━━┳━━━━━━━━━━━┳━━━━━━━━━━┳━━━━━━━━━━━┳━━━━━━━━━━┳━━━━━━━━━━━┳━━━━━━━━━━┓
┃                      ┃ Hold     ┃ Reg to   ┃          ┃          ┃ of which  ┃ Setup    ┃           ┃          ┃           ┃ of which ┃           ┃          ┃
┃                      ┃ Worst    ┃ Reg      ┃          ┃ Hold Vio ┃ reg to    ┃ Worst    ┃ Reg to    ┃ Setup    ┃ Setup Vio ┃ reg to   ┃ Max Cap   ┃ Max Slew ┃
┃ Corner/Group         ┃ Slack    ┃ Paths    ┃ Hold TNS ┃ Count    ┃ reg       ┃ Slack    ┃ Reg Paths ┃ TNS      ┃ Count     ┃ reg      ┃ Violatio… ┃ Violati… ┃
┡━━━━━━━━━━━━━━━━━━━━━━╇━━━━━━━━━━╇━━━━━━━━━━╇━━━━━━━━━━╇━━━━━━━━━━╇━━━━━━━━━━━╇━━━━━━━━━━╇━━━━━━━━━━━╇━━━━━━━━━━╇━━━━━━━━━━━╇━━━━━━━━━━╇━━━━━━━━━━━╇━━━━━━━━━━┩
│ Overall              │ -0.1268  │ 0.1136   │ -0.9273  │ 31       │ 0         │ -0.4959  │ -0.4959   │ -4.4440  │ 32        │ 32       │ 0         │ 3602     │
│ min_ff_n40C_1v95     │ 0.0575   │ 0.1136   │ 0.0000   │ 0        │ 0         │ 6.0149   │ 6.2836    │ 0.0000   │ 0         │ 0        │ 0         │ 299      │
│ nom_tt_025C_1v80     │ -0.0623  │ 0.3092   │ -0.3236  │ 13       │ 0         │ 4.2427   │ 4.2427    │ 0.0000   │ 0         │ 0        │ 0         │ 411      │
│ max_ss_100C_1v60     │ -0.1268  │ 0.9246   │ -0.9273  │ 18       │ 0         │ -0.4959  │ -0.4959   │ -4.4440  │ 32        │ 32       │ 0         │ 3602     │
└──────────────────────┴──────────┴──────────┴──────────┴──────────┴───────────┴──────────┴───────────┴──────────┴───────────┴──────────┴───────────┴──────────┘
