┏━━━━━━━━━━━━━━━━━━━━━━┳━━━━━━━━━━┳━━━━━━━━━━┳━━━━━━━━━━┳━━━━━━━━━━┳━━━━━━━━━━━┳━━━━━━━━━━┳━━━━━━━━━━━┳━━━━━━━━━━┳━━━━━━━━━━━┳━━━━━━━━━━┳━━━━━━━━━━━┳━━━━━━━━━━┓
┃                      ┃ Hold     ┃ Reg to   ┃          ┃          ┃ of which  ┃ Setup    ┃           ┃          ┃           ┃ of which ┃           ┃          ┃
┃                      ┃ Worst    ┃ Reg      ┃          ┃ Hold Vio ┃ reg to    ┃ Worst    ┃ Reg to    ┃ Setup    ┃ Setup Vio ┃ reg to   ┃ Max Cap   ┃ Max Slew ┃
┃ Corner/Group         ┃ Slack    ┃ Paths    ┃ Hold TNS ┃ Count    ┃ reg       ┃ Slack    ┃ Reg Paths ┃ TNS      ┃ Count     ┃ reg      ┃ Violatio… ┃ Violati… ┃
┡━━━━━━━━━━━━━━━━━━━━━━╇━━━━━━━━━━╇━━━━━━━━━━╇━━━━━━━━━━╇━━━━━━━━━━╇━━━━━━━━━━━╇━━━━━━━━━━╇━━━━━━━━━━━╇━━━━━━━━━━╇━━━━━━━━━━━╇━━━━━━━━━━╇━━━━━━━━━━━╇━━━━━━━━━━┩
│ Overall              │ 0.0353   │ 0.1555   │ 0.0000   │ 0        │ 0         │ -0.3295  │ -0.3295   │ -1.5172  │ 13        │ 13       │ 0         │ 3070     │
│ min_ff_n40C_1v95     │ 0.1024   │ 0.1555   │ 0.0000   │ 0        │ 0         │ 6.1088   │ 6.3836    │ 0.0000   │ 0         │ 0        │ 0         │ 280      │
│ nom_tt_025C_1v80     │ 0.0353   │ 0.3692   │ 0.0000   │ 0        │ 0         │ 4.3391   │ 4.3391    │ 0.0000   │ 0         │ 0        │ 0         │ 394      │
│ max_ss_100C_1v60     │ 0.0496   │ 1.0675   │ 0.0000   │ 0        │ 0         │ -0.3295  │ -0.3295   │ -1.5172  │ 13        │ 13       │ 0         │ 3070     │
└──────────────────────┴──────────┴──────────┴──────────┴──────────┴───────────┴──────────┴───────────┴──────────┴───────────┴──────────┴───────────┴──────────┘
